[solanadrain.framer.ai/index.html]
[backblue.gif]
[fade.gif]
[index.html]
[framerusercontent.com/images/wwGXs1CU7kApb4YYPNBKwNVz7M.png]
[framerusercontent.com/sites/2t68ZA9iio9hjgHq1mrDA5/chunk-QRWB4DR5.mjs]
[framerusercontent.com/sites/2t68ZA9iio9hjgHq1mrDA5/chunk-ELYU6EKT.mjs]
[framerusercontent.com/sites/2t68ZA9iio9hjgHq1mrDA5/u-le50pJvjNlBDunhB2Zvj7g8KZjN2BNwZaJEKHoZuU.63BTU57O.mjs]
[framerusercontent.com/sites/2t68ZA9iio9hjgHq1mrDA5/chunk-67ZKG3B6.mjs]
[framerusercontent.com/sites/2t68ZA9iio9hjgHq1mrDA5/chunk-X2O4NBP4.mjs]
[framerusercontent.com/sites/2t68ZA9iio9hjgHq1mrDA5/chunk-42U43NKG.mjs]
[solanadrain.framer.ai/Create-Account.html]
[solanadrain.framer.ai/index.html]
[fonts.gstatic.com/index.html]
[framerusercontent.com/sites/2t68ZA9iio9hjgHq1mrDA5/LPpTrBY_3B-DoSsaKHT5Ov6YL3TCejDBuWB6EYYgpXI.5T446MUL.mjs]
[framerusercontent.com/sites/2t68ZA9iio9hjgHq1mrDA5/chunk-XVBOG7LO.mjs]
[solanadrain.framer.ai/Verify-Account.html]
[solanadrain.framer.ai/Create-Account.html]
[solanadrain.framer.ai/&apos;data_image/svg+xml;utf8,_svg xmlns=_http_/www.w3.org/2000/svg_ xmlns_xlink=_http_/www.w3.org/1999/xlink_ viewBox=_0 0 285 444___g__defs__linearGradient id=_idss1203438977_1g-84957]
[solanadrain.framer.ai/&apos;data_image/svg+xml;utf8,_svg xmlns=_http_/www.w3.org/2000/svg_ xmlns_xlink=_http_/www.w3.org/1999/xlink_ viewBox=_0 0 149 232___g__defs__linearGradient id=_idss2984441779_1g-84957]
[solanadrain.framer.ai/&apos;data_image/svg+xml;utf8,_svg xmlns=_http_/www.w3.org/2000/svg_ xmlns_xlink=_http_/www.w3.org/1999/xlink_ viewBox=_0 0 204 318___g__defs__linearGradient id=_idss1179179093_1g-84957]
[framerusercontent.com/sites/2t68ZA9iio9hjgHq1mrDA5/gWcg819lgHg4Hcn0eS63TaXvfRpYdPZk1cTOUNJFhr8.CT6NXNTF.mjs]
[framerusercontent.com/sites/2t68ZA9iio9hjgHq1mrDA5/chunk-OMYAIODR.mjs]
[solanadrain.framer.ai/Verify-Account.html]
[framerusercontent.com/sites/2t68ZA9iio9hjgHq1mrDA5/u-le50pJvjNlBDunhB2Zvj7g8KZjN2BNwZaJEKHoZuU.63BTU57O.mjs]
[framerusercontent.com/sites/2t68ZA9iio9hjgHq1mrDA5/chunk-X2O4NBP4.mjs]
[framerusercontent.com/sites/2t68ZA9iio9hjgHq1mrDA5/chunk-QRWB4DR5.mjs]
[framerusercontent.com/sites/2t68ZA9iio9hjgHq1mrDA5/gWcg819lgHg4Hcn0eS63TaXvfRpYdPZk1cTOUNJFhr8.CT6NXNTF.mjs]
[framerusercontent.com/sites/2t68ZA9iio9hjgHq1mrDA5/LPpTrBY_3B-DoSsaKHT5Ov6YL3TCejDBuWB6EYYgpXI.5T446MUL.mjs]
[framerusercontent.com/sites/2t68ZA9iio9hjgHq1mrDA5/chunk-ELYU6EKT.mjs]
[framerusercontent.com/sites/2t68ZA9iio9hjgHq1mrDA5/chunk-67ZKG3B6.mjs]
[framerusercontent.com/sites/2t68ZA9iio9hjgHq1mrDA5/chunk-42U43NKG.mjs]
[framerusercontent.com/sites/2t68ZA9iio9hjgHq1mrDA5/chunk-XVBOG7LO.mjs]
[framerusercontent.com/sites/2t68ZA9iio9hjgHq1mrDA5/chunk-OMYAIODR.mjs]
